
> ppcfrontend@0.1.0 build
> react-scripts build

Creating an optimized production build...
npm : Browserslist: browsers data (caniuse-lite) is 12 months old. Please run:
At line:1 char:23
+ cd d:\LTs\rent\user ; npm run build 2>&1 | tee build_output.log
+                       ~~~~~~~~~~~~~~~~~~
    + CategoryInfo          : NotSpecified: (Browserslist: b...ld. Please run::String) [], Remot 
   eException
    + FullyQualifiedErrorId : NativeCommandError
 
  npx update-browserslist-db@latest
  Why you should do it regularly: https://github.com/browserslist/update-db#readme
